src/screens/main/HomeScreen.tsx(166,38): error TS2345: Argument of type '"/routes/main/profile"' is not assignable to parameter of type 'RelativePathString | ExternalPathString | "/" | `/?${string}` | `/#${string}` | "/_sitemap" | `/_sitemap?${string}` | `/_sitemap#${string}` | "/routes/auth/login" | `/routes/auth/login?${string}` | ... 33 more ... | { ...; }'.
