src/screens/main/ProfileScreen.tsx(12,24): error TS2307: Cannot find module '@/src/styles/main/ProfileScreenStyles' or its corresponding type declarations.
src/screens/main/ProfileScreen.tsx(13,24): error TS2307: Cannot find module '@/constants/color' or its corresponding type declarations.
src/screens/main/ProfileScreen.tsx(14,43): error TS2307: Cannot find module '@/src/services/ProfileService' or its corresponding type declarations.
src/screens/main/ProfileScreen.tsx(15,26): error TS2307: Cannot find module '@/src/lib/supabase' or its corresponding type declarations.
